// Jest Snapshot v1, https://goo.gl/fbAQLP

exports[`server-API save game functionality regression test: compatibility with saved games from older version: test_map_1-save-game 1`] = `"gKp0ZXN0X21hcF8xgQH/AYACgQP/AoAApEdWVFME/wOABYEGggeDCP8EgQCCAIOkR1ZUU4QJhQAASEKGCor/iwAAAACHAAAAAIgAAAAAgKlTcGFjZXNoaXCTAAAAAJQAAAAAlQAAAACWAAAAAJcAAAAAmAAAAACZAJsQDgAAjQuODI8NkA6RD5IQmhH/Bf8G/weAAKZhc3RybzESgAGmYXN0cm8yE4ACpmFzdHJvMxT/CIAApEdWVFMV/wmAAAAAAIEAAAAA/wqAAAAAAIEAAAAA/wuAFv8MgAAXgAEYgAIZgAMagAQbgAUc/w2AAAAAAIEAggAAAACDAAAAAIQAAAAAhgAAAACHAYgd/w6BAAAAAIAe/w+BzegDggCDAACAP4Af/xCDAAAAAIQAAAAAhSCGAAAAAIAhgQGCAf8RgCKBI/8SgQCCAIOmYXN0cm8xhCSFAABIQ4YlhwAAAACIAAAAAICoQXN0ZXJvaWSJZAD/E4EAggCDpmFzdHJvMoQmhQAAr0OGJ4cAAAAAiAAAAACAqEFzdGVyb2lkiWQA/xSBAIIAg6Zhc3RybzOEKIUAAEhChimHAAAAAIgAAAAAgKhBc3Rlcm9pZIlkAP8VgQCCAIOkR1ZUU4QqhQAASEKGK4oAiwAAAACHAAAAAIgAAAAAgKlTcGFjZXNoaXCMrmRyYWdvbmZseS1TRjIy/xaAALByb3RhdGlvbkNhcGFjaXR5GYABsnJvdGF0aW9uRW5lcmd5Q29zdMvsUbgeheuxP4ACr21heENoYWluR3VuQW1tb80QDv8XgAAAAACBAAAAAIIAALTCgwAAAACEAACAP4Us/xiAAAAAAIEAAAAAggAAtEKDAAAAAIQAAIA/hS3/GYAAAAAAgQAAAACCAAAAAIMAAAAAhAAAgD+FLv8agAAAAACBAAAAAIIAAAAAgwAAAACEAACAP4Uv/xuAAAAAAIEAAAAAggAANEODAAAAAIQAAIA/hTD/HIAAAAAAgQAAAACCAAA0Q4MAAAAAhAAAgD+FMf8dgDL/HoAz/x+ANP8ggAAAAACBAAAAAP8hgDX/IoAANoABN4ACOIADOYAEOoAFO4AGPIAHPYAIPoAJP4AKQIALQf8jgEL/JIAAAPpEgQAA+kT/JYAAAAAAgQAAAAD/JoAAAHpEgQAAekT/J4AAAAAAgQAAAAD/KIAAgDtFgQAA+sT/KYAAAAAAgQAAAAD/KoAAAAAAgQAAAAD/K4AAAAAAgQAAAAD/LIBD/y2ARP8ugEX/L4BG/zCAR/8xgEj/MoAAsGJ1bGxldHNQZXJTZWNvbmQUgAGrYnVsbGV0U3BlZWTN6AOAArZidWxsZXREZWdyZWVzRGV2aWF0aW9uAYADrW1heFNoZWxsUmFuZ2XNiBOABK1taW5TaGVsbFJhbmdlzegDgAWtc2hlbGxSYW5nZUFpbc3oA4AGr2V4cGxvc2lvblJhZGl1cwqAB7dleHBsb3Npb25FeHBhbnNpb25TcGVlZCiACLVleHBsb3Npb25EYW1hZ2VGYWN0b3IUgAm0ZXhwbG9zaW9uQmxhc3RGYWN0b3IBgAqoZGFtYWdlNTAUgAu+Y29tcGxldGVEZXN0cnVjdGlvblByb2JhYmlsaXR5y5qZmZmZmbk//zOAAKhkYW1hZ2U1MBSAAapiYXNpY1JhbmdlzbgLgAKvcmFuZ2VFYXNlRmFjdG9yy5qZmZmZmck/gAOwbWFsZnVuY3Rpb25SYW5nZc3cBf80gACvZW5lcmd5UGVyU2Vjb25kBYABqW1heEVuZXJnec3oA4ACsm1heEFmdGVyQnVybmVyRnVlbM2IE4ADsWFmdGVyQnVybmVyQ2hhcmdlFIAEtWFmdGVyQnVybmVyRW5lcmd5Q29zdMvsUbgeheuxP4AFqGRhbWFnZTUwFP81gACybWF4VGFyZ2V0QWltT2Zmc2V0HoABrmFpbU9mZnNldFNwZWVkD4ACrG1heFR1cm5TcGVlZFqAA7VvZmZzZXRCcm9rZW5UaHJlc2hvbGTLMzMzMzMz4z+ABKhkYW1hZ2U1MFqABahtYXhTcGVlZM0sAYAGt21heFNwZWVkRnJvbUFmdGVyQnVybmVyzSwB/zaAAIC7RP83gACAu0T/OIAAgLtE/zmAAIC7RP86gACAu0T/O4AAgLtE/zyAAIC7RP89gACAu0T/PoAAgLtE/z+AAIC7RP9AgACAu0T/QYAAgLtE/0KAAK5udW1iZXJPZlBsYXRlcwyAAahoZWFsUmF0ZQOAAq5wbGF0ZU1heEhlYWx0aM3cBf9DgACtbWF4QW5nbGVFcnJvci2AAahjYXBhY2l0eTKAAqplbmVyZ3lDb3N0y+xRuB6F67E/gAOrc3BlZWRGYWN0b3IDgASzYWZ0ZXJCdXJuZXJDYXBhY2l0ec0sAYAFt2FmdGVyQnVybmVyRWZmZWN0RmFjdG9yAYAGqGRhbWFnZTUwD4AHvmNvbXBsZXRlRGVzdHJ1Y3Rpb25Qcm9iYWJpbGl0ecuamZmZmZm5P/9EgACtbWF4QW5nbGVFcnJvci2AAahjYXBhY2l0eTKAAqplbmVyZ3lDb3N0y+xRuB6F67E/gAOrc3BlZWRGYWN0b3IDgASzYWZ0ZXJCdXJuZXJDYXBhY2l0ec0sAYAFt2FmdGVyQnVybmVyRWZmZWN0RmFjdG9yAYAGqGRhbWFnZTUwD4AHvmNvbXBsZXRlRGVzdHJ1Y3Rpb25Qcm9iYWJpbGl0ecuamZmZmZm5P/9FgACtbWF4QW5nbGVFcnJvci2AAahjYXBhY2l0eTKAAqplbmVyZ3lDb3N0y+xRuB6F67E/gAOrc3BlZWRGYWN0b3IDgASzYWZ0ZXJCdXJuZXJDYXBhY2l0ec0sAYAFt2FmdGVyQnVybmVyRWZmZWN0RmFjdG9yAYAGqGRhbWFnZTUwD4AHvmNvbXBsZXRlRGVzdHJ1Y3Rpb25Qcm9iYWJpbGl0ecuamZmZmZm5P/9GgACtbWF4QW5nbGVFcnJvci2AAahjYXBhY2l0eTKAAqplbmVyZ3lDb3N0y+xRuB6F67E/gAOrc3BlZWRGYWN0b3IDgASzYWZ0ZXJCdXJuZXJDYXBhY2l0ec0sAYAFt2FmdGVyQnVybmVyRWZmZWN0RmFjdG9yAYAGqGRhbWFnZTUwD4AHvmNvbXBsZXRlRGVzdHJ1Y3Rpb25Qcm9iYWJpbGl0ecuamZmZmZm5P/9HgACtbWF4QW5nbGVFcnJvci2AAahjYXBhY2l0eTKAAqplbmVyZ3lDb3N0y+xRuB6F67E/gAOrc3BlZWRGYWN0b3IDgASzYWZ0ZXJCdXJuZXJDYXBhY2l0ec0sAYAFt2FmdGVyQnVybmVyRWZmZWN0RmFjdG9yAYAGqGRhbWFnZTUwD4AHvmNvbXBsZXRlRGVzdHJ1Y3Rpb25Qcm9iYWJpbGl0ecuamZmZmZm5P/9IgACtbWF4QW5nbGVFcnJvci2AAahjYXBhY2l0eTKAAqplbmVyZ3lDb3N0y+xRuB6F67E/gAOrc3BlZWRGYWN0b3IDgASzYWZ0ZXJCdXJuZXJDYXBhY2l0ec0sAYAFt2FmdGVyQnVybmVyRWZmZWN0RmFjdG9yAYAGqGRhbWFnZTUwD4AHvmNvbXBsZXRlRGVzdHJ1Y3Rpb25Qcm9iYWJpbGl0ecuamZmZmZm5Pw=="`;
